// Jest Snapshot v1, https://goo.gl/fbAQLP

exports[`App Snapshot 1`] = `
.c15 {
  color: palevioletred;
  font-size: 1em;
  border: 2px solid palevioletred;
  border-radius: 3px;
  type: text;
  margin: 1em;
  padding: 1em;
}

.c16 {
  color: palevioletred;
  font-size: 1em;
  border: 2px solid palevioletred;
  border-radius: 3px;
  type: date;
  margin: 1em;
  padding: 1em;
}

.c17 {
  color: palevioletred;
  font-size: 1em;
  border: 2px solid palevioletred;
  border-radius: 3px;
  type: password;
  margin: 1em;
  padding: 1em;
}

.c19 {
  color: palevioletred;
  font-size: 1em;
  border: 2px solid palevioletred;
  border-radius: 3px;
  type: image;
  margin: 12px;
  padding: 12px;
}

.c20 {
  color: palevioletred;
  font-size: 1em;
  border: 2px solid palevioletred;
  border-radius: 3px;
  type: submit;
  margin: 1em;
  padding: 1em;
}

.c18 {
  margin: 16px;
  padding: 16px;
  background-color: grey;
}

.c14 {
  border-bottom: solid 1px palevioletred;
}

.c13 {
  border: solid 1px grey;
  margin: 16px;
  padding: 16px;
}

.c9 {
  margin: 30px;
  padding: 30px;
  border: solid 1px #ccc;
}

.c11 {
  margin: 100px;
  border: solid 1px #ccc;
}

.c10 {
  background: #134a63;
  color: #eee;
  width: 300px;
  height: 50px;
  margin: 30px;
}

.c12 {
  color: #de5;
  width: 250px;
  height: 70px;
}

.c0 {
  text-align: center;
}

.c4 {
  max-width: 1100px;
  margin: 0 auto;
}

.c2 {
  -webkit-animation: iVXCSc infinite 20s linear;
  animation: iVXCSc infinite 20s linear;
  height: 80px;
}

.c1 {
  background-color: #222;
  height: 150px;
  padding: 20px;
  color: white;
}

.c3 {
  font-size: 1.5em;
}

.c5 {
  font-size: large;
}

.c6 {
  border-radius: 3px;
  padding: 0.25em 1em;
  margin: 0 1em;
  background: transparent;
  color: palevioletred;
  border: 2px solid palevioletred;
}

.c7 {
  border-radius: 3px;
  padding: 0.25em 1em;
  margin: 0 1em;
  background: transparent;
  color: palevioletred;
  border: 2px solid palevioletred;
  background: palevioletred;
  color: white;
}

.c8 {
  border-radius: 3px;
  padding: 0.25em 1em;
  margin: 0 1em;
  background: transparent;
  color: palevioletred;
  border: 2px solid palevioletred;
  background: palevioletred;
  color: white;
  border: 5px solid palevioletred;
  font-size: 26px;
}

<div
  className="c0"
>
  <header
    className="c1"
  >
    <img
      alt="logo"
      className="c2"
      src="logo.svg"
    />
    <h1
      className="c3"
    >
      Try styled components with react create app
    </h1>
  </header>
  <div
    className="c4"
  >
    <p
      className="c5"
    >
      <button
        className="c6"
      >
        Normal Button
      </button>
      <button
        className="c7"
      >
        primary button
      </button>
      <button
        className="c8"
      >
        large primary button
      </button>
    </p>
    <div
      className="c9"
    >
      <button
        className="c10"
        onClick={[Function]}
      >
        Toggle Button
      </button>
      <div
        className="c11"
      >
        <button
          className="c12 c10"
          onClick={[Function]}
        >
          Toggle Button
        </button>
      </div>
    </div>
    <div
      className="c13"
    >
      <h2
        className="c14"
      >
        Custom Form
      </h2>
      <input
        className="c15"
        margin="1em"
        padding="1em"
        placeholder="text is here"
        type="text"
      />
      <input
        className="c16"
        margin="1em"
        padding="1em"
        placeholder="date is here"
        type="date"
      />
      <input
        className="c17"
        margin="1em"
        padding="1em"
        placeholder="password is here"
        type="password"
      />
      <p
        className="c18"
      >
        <input
          alt="react logo"
          className="c19"
          height="200"
          margin="12px"
          padding="12px"
          placeholder="password is here"
          size="12px"
          src="logo.svg"
          type="image"
          width="200"
        />
      </p>
      <input
        className="c20"
        margin="1em"
        padding="1em"
        type="submit"
        value="submit"
      />
    </div>
  </div>
</div>
`;
