// Jest Snapshot v1, https://goo.gl/fbAQLP

exports[`ToggleBtnSample Snapshot 1`] = `
.c0 {
  margin: 30px;
  padding: 30px;
  border: solid 1px #ccc;
}

.c2 {
  margin: 100px;
  border: solid 1px #ccc;
}

.c1 {
  background: #134a63;
  color: #eee;
  width: 300px;
  height: 50px;
  margin: 30px;
}

.c3 {
  color: #de5;
  width: 250px;
  height: 70px;
}

<div
  className="c0"
>
  <button
    className="c1"
    onClick={[Function]}
  >
    Toggle Button
  </button>
  <div
    className="c2"
  >
    <button
      className="c3 c1"
      onClick={[Function]}
    >
      Toggle Button
    </button>
  </div>
</div>
`;
